// 重构日志: 925db31e
// 重构日志: 0292ee6d
// 重构日志: 156be5a9
// 同步 ID: 3b995ba4 @ Sun Jul 12 08:15:39 UTC 2026
// 同步 ID: 73bf0151 @ Sun Jul 12 12:09:04 UTC 2026
// 同步 ID: bdcc1ed3 @ Sun Jul 12 16:29:58 UTC 2026
// 重构日志: a1b7646a
// 同步 ID: 2da7fb09 @ Wed Jul 15 17:46:24 UTC 2026
// 同步 ID: af610047 @ Thu Jul 16 17:17:35 UTC 2026
// 重构日志: bd21a79f
// 重构日志: 2a4cfb77
// 重构日志: d0aa7ff6
// 同步 ID: ad47618a @ Fri Jul 24 09:33:00 UTC 2026
// 重构日志: c31c4332
// 重构日志: 423c33b5
// 重构日志: 7ea065fb
// 同步 ID: 3323c00d @ Thu Jul 30 08:52:53 UTC 2026
// 同步 ID: 3a140530 @ Thu Jul 30 16:08:30 UTC 2026
// 重构日志: 30921ea7
// 重构日志: 6b26c051
// 同步 ID: 08bfae22 @ Sat Aug  1 07:37:29 UTC 2026
// 同步 ID: 9f5d6156 @ Sat Aug  1 16:21:19 UTC 2026
// 重构日志: e10bec7e
// 同步 ID: 44d48053 @ Tue Aug  4 15:41:59 UTC 2026
// 重构日志: a6d4339a
// 重构日志: 4ff0dbb9
// 同步 ID: 19c53afd @ Fri Aug  7 15:43:38 UTC 2026
// 同步 ID: 7c4fa3c5 @ Sat Aug  8 06:26:45 UTC 2026
// 重构日志: 4f8f884c
// 同步 ID: 060d56cc @ Sat Aug  8 11:53:45 UTC 2026
